[run-log] stdout → C:\Users\Manu\Documents\Semestre 2026 - 01\Analisis y diseño de algoritmos\proyecto\projecto-analisis-20261\GeoMIP\results\logs\n20_plus\benchmark_n22_2026-05-18_21h48m29.stdout.log
[run-log] stderr → C:\Users\Manu\Documents\Semestre 2026 - 01\Analisis y diseño de algoritmos\proyecto\projecto-analisis-20261\GeoMIP\results\logs\n20_plus\benchmark_n22_2026-05-18_21h48m29.stderr.log
Benchmark K-QGMIP - 2026-05-18 21:48
  n=[22]  timeout_max=21600s
  samples: C:\Users\Manu\Documents\Semestre 2026 - 01\Analisis y diseño de algoritmos\proyecto\projecto-analisis-20261\GeoMIP\data\samples

=================================================================
n=22  TPM=N22A.csv  casos=50  timeout=21600s/estrategia
=================================================================
  #  1/50  ABCDEFGHIJKLMN / ABCDEFGHIJKLMN  Geo2=.  k3(QN./KL.)  k4(QN./KL.)  k5(QN./KL.)
  #  2/50  ABCDEFGHIJKLMN / ABCDEFGHIJKLMN  Geo2=.  k3(QN./KL.)  k4(QN./KL.)  k5(QN./KL.)
  #  3/50  ABCDEFGHIJKLMN / BCDEFGHIJKLMNO  Geo2=.  k3(QN./KL.)  k4(QN./KL.)  k5(QN./KL.)
  #  4/50  ABCDEFGHIJKLMN / BCDEFGHIJKLMNO  Geo2=.  k3(QN./KL.)  k4(QN./KL.)  k5(QN./KL.)
  #  5/50  ABCDEFGHIJKLMN / ABDEGHJKMNPQST  Geo2=.  k3(QN./KL.)  k4(QN./KL.)  k5(QN./KL.)
  #  6/50  ABCDEFGHIJKLMN / ACEGIKMOQSU  Geo2=.  k3(QN./KL.)  k4(QN./KL.)  k5(QN./KL.)
  #  7/50  ABCDEFGHIJKLMN / BDFHJLNPRTV  Geo2=.  k3(QN./KL.)  k4(QN./KL.)  k5(QN./KL.)
  #  8/50  ABCDEFGHIJKLMN / ABCDEFGHIJKLMN  Geo2=.  k3(QN./KL.)  k4(QN./KL.)  k5(QN./KL.)
  #  9/50  ABCDEFGHIJKLMN / ABCDEFGHIJKLMN  Geo2=.  k3(QN./KL.)  k4(QN./KL.)  k5(QN./KL.)
  # 10/50  ABCDEFGHIJKLMN / BCDEFGHIJKLMNO  Geo2=.  k3(QN./KL.)  k4(QN./KL.)  k5(QN./KL.)
  # 11/50  ABCDEFGHIJKLMN / BCDEFGHIJKLMNO  Geo2=.  k3(QN./KL.)  k4(QN./KL.)  k5(QN./KL.)
  # 12/50  ABCDEFGHIJKLMN / ABDEGHJKMNPQST  Geo2=.  k3(QN./KL.)  k4(QN./KL.)  k5(QN./KL.)
  # 13/50  ABCDEFGHIJKLMN / ACEGIKMOQSU  Geo2=.  k3(QN./KL.)  k4(QN./KL.)  k5(QN./KL.)
  # 14/50  ABCDEFGHIJKLMN / BDFHJLNPRTV  Geo2=.  k3(QN./KL.)  k4(QN./KL.)  k5(QN./KL.)
  # 15/50  BCDEFGHIJKLMNO / ABCDEFGHIJKLMN  Geo2=.  k3(QN./KL.)  k4(QN./KL.)  k5(QN./KL.)
  # 16/50  BCDEFGHIJKLMNO / ABCDEFGHIJKLMN  Geo2=.  k3(QN./KL.)  k4(QN./KL.)  k5(QN./KL.)
  # 17/50  BCDEFGHIJKLMNO / BCDEFGHIJKLMNO  Geo2=.  k3(QN./KL.)  k4(QN./KL.)  k5(QN./KL.)
  # 18/50  BCDEFGHIJKLMNO / BCDEFGHIJKLMNO  Geo2=.  k3(QN./KL.)  k4(QN./KL.)  k5(QN./KL.)
  # 19/50  BCDEFGHIJKLMNO / ABDEGHJKMNPQST  Geo2=.  k3(QN./KL.)  k4(QN./KL.)  k5(QN./KL.)
  # 20/50  BCDEFGHIJKLMNO / ACEGIKMOQSU  Geo2=.  k3(QN./KL.)  k4(QN./KL.)  k5(QN./KL.)
  # 21/50  BCDEFGHIJKLMNO / BDFHJLNPRTV  Geo2=.  k3(QN./KL.)  k4(QN./KL.)  k5(QN./KL.)
  # 22/50  BCDEFGHIJKLMNO / ABCDEFGHIJKLMN  Geo2=.  k3(QN./KL.)  k4(QN./KL.)  k5(QN./KL.)
  # 23/50  BCDEFGHIJKLMNO / ABCDEFGHIJKLMN  Geo2=.  k3(QN./KL.)  k4(QN./KL.)  k5(QN./KL.)
  # 24/50  BCDEFGHIJKLMNO / BCDEFGHIJKLMNO  Geo2=.  k3(QN./KL.)  k4(QN./KL.)  k5(QN./KL.)
  # 25/50  BCDEFGHIJKLMNO / BCDEFGHIJKLMNO  Geo2=.  k3(QN./KL.)  k4(QN./KL.)  k5(QN./KL.)
  # 26/50  BCDEFGHIJKLMNO / ABDEGHJKMNPQST  Geo2=.  k3(QN./KL.)  k4(QN./KL.)  k5(QN./KL.)
  # 27/50  BCDEFGHIJKLMNO / ACEGIKMOQSU  Geo2=.  k3(QN./KL.)  k4(QN./KL.)  k5(QN./KL.)
  # 28/50  BCDEFGHIJKLMNO / BDFHJLNPRTV  Geo2=.  k3(QN./KL.)  k4(QN./KL.)  k5(QN./KL.)
  # 29/50  ABDEGHJKMNPQST / ABCDEFGHIJKLMN  Geo2=.  k3(QN./KL.)  k4(QN./KL.)  k5(QN./KL.)
  # 30/50  ABDEGHJKMNPQST / ABCDEFGHIJKLMN  Geo2=.  k3(QN./KL.)  k4(QN./KL.)  k5(QN./KL.)
  # 31/50  ABDEGHJKMNPQST / BCDEFGHIJKLMNO  Geo2=.  k3(QN./KL.)  k4(QN./KL.)  k5(QN./KL.)
  # 32/50  ABDEGHJKMNPQST / BCDEFGHIJKLMNO  Geo2=.  k3(QN./KL.)  k4(QN./KL.)  k5(QN./KL.)
  # 33/50  ABDEGHJKMNPQST / ABDEGHJKMNPQST  Geo2=.  k3(QN./KL.)  k4(QN./KL.)  k5(QN./KL.)
  # 34/50  ABDEGHJKMNPQST / ACEGIKMOQSU  Geo2=.  k3(QN./KL.)  k4(QN./KL.)  k5(QN./KL.)
  # 35/50  ABDEGHJKMNPQST / BDFHJLNPRTV  Geo2=.  k3(QN./KL.)  k4(QN./KL.)  k5(QN./KL.)
  # 36/50  ACEGIKMOQSU    / ABCDEFGHIJKLMN  Geo2=.  k3(QN./KL.)  k4(QN./KL.)  k5(QN./KL.)
  # 37/50  ACEGIKMOQSU    / ABCDEFGHIJKLMN  Geo2=.  k3(QN./KL.)  k4(QN./KL.)  k5(QN./KL.)
  # 38/50  ACEGIKMOQSU    / BCDEFGHIJKLMNO  Geo2=.  k3(QN./KL.)  k4(QN./KL.)  k5(QN./KL.)
  # 39/50  ACEGIKMOQSU    / BCDEFGHIJKLMNO  Geo2=.  k3(QN./KL.)  k4(QN./KL.)  k5(QN./KL.)
  # 40/50  ACEGIKMOQSU    / ABDEGHJKMNPQST  Geo2=.  k3(QN./KL.)  k4(QN./KL.)  k5(QN./KL.)
  # 41/50  ACEGIKMOQSU    / ACEGIKMOQSU  Geo2=.  k3(QN./KL.)  k4(QN./KL.)  k5(QN./KL.)
  # 42/50  ACEGIKMOQSU    / BDFHJLNPRTV  Geo2=.  k3(QN./KL.)  k4(QN./KL.)  k5(QN./KL.)
  # 43/50  BDFHJLNPRTV    / ABCDEFGHIJKLMN  Geo2=.  k3(QN./KL.)  k4(QN./KL.)  k5(QN./KL.)
  # 44/50  BDFHJLNPRTV    / ABCDEFGHIJKLMN  Geo2=.  k3(QN./KL.)  k4(QN./KL.)  k5(QN./KL.)
  # 45/50  BDFHJLNPRTV    / BCDEFGHIJKLMNO  Geo2=.  k3(QN./KL.)  k4(QN./KL.)  k5(QN./KL.)
  # 46/50  BDFHJLNPRTV    / BCDEFGHIJKLMNO  Geo2=.  k3(QN./KL.)  k4(QN./KL.)  k5(QN./KL.)
  # 47/50  BDFHJLNPRTV    / ABDEGHJKMNPQST  Geo2=.  k3(QN./KL.)  k4(QN./KL.)  k5(QN./KL.)
  # 48/50  BDFHJLNPRTV    / ACEGIKMOQSU  Geo2=.  k3(QN./KL.)  k4(QN./KL.)  k5(QN./KL.)
  # 49/50  BDFHJLNPRTV    / BDFHJLNPRTV  Geo2=.  k3(QN./KL.)  k4(QN./KL.)  k5(QN./KL.)
  # 50/50  ACDEFGHIJKLMNO / ACDEFGHIJKLMNO  Geo2=.  k3(QN./KL.)  k4(QN./KL.)  k5(QN./KL.)
  n=22 completado: 50 filas
  n=22 guardado en: C:\Users\Manu\Documents\Semestre 2026 - 01\Analisis y diseño de algoritmos\proyecto\projecto-analisis-20261\GeoMIP\results\n22\n22_completo_2026-05-20_02h29.xlsx

Consolidado: C:\Users\Manu\Documents\Semestre 2026 - 01\Analisis y diseño de algoritmos\proyecto\projecto-analisis-20261\GeoMIP\results\benchmark_completo_2026-05-20_02h29.xlsx
Total filas: 50
