Benchmark K-QGMIP - 2026-05-17 13:34
  n=[20, 22, 25]  timeout_max=600s
  samples: C:\Users\Manu\Documents\Semestre 2026 - 01\Analisis y diseño de algoritmos\projecto-analisis-20261\GeoMIP\data\samples

=================================================================
n=20  TPM=N20A.csv  casos=50  timeout=300s/estrategia
=================================================================
  #  1/50  ABCDEFGHIJKLMN / ABCDEFGHIJKLMNCRITICAL (13:34:47): Original creado.
CRITICAL (13:34:47): Original:
CRITICAL (13:34:47): Candidato creado.
CRITICAL (13:34:47): Subsistema creado.
CRITICAL (13:34:47): empieza.
  Geo2=XCRITICAL (13:39:48): Original creado.
CRITICAL (13:39:48): Original:
CRITICAL (13:39:48): Candidato creado.
CRITICAL (13:39:48): Subsistema creado.
CRITICAL (13:39:48): empieza.
CRITICAL (13:44:49): Original creado.
CRITICAL (13:44:49): Original:
CRITICAL (13:44:50): Candidato creado.
CRITICAL (13:44:50): Subsistema creado.
CRITICAL (13:44:51): empieza.
  k3(QXGX)CRITICAL (13:49:51): Original creado.
CRITICAL (13:49:51): Original:
CRITICAL (13:49:52): Candidato creado.
CRITICAL (13:49:52): Subsistema creado.
CRITICAL (13:49:53): empieza.
CRITICAL (13:54:54): Original creado.
CRITICAL (13:54:54): Original:
CRITICAL (13:54:54): Candidato creado.
CRITICAL (13:54:57): Subsistema creado.
CRITICAL (13:54:58): empieza.
  k4(QXGX)CRITICAL (13:59:55): Original creado.
CRITICAL (13:59:56): Original:
CRITICAL (13:59:56): Candidato creado.
CRITICAL (13:59:58): Subsistema creado.
CRITICAL (14:00:00): empieza.
CRITICAL (14:04:57): Original creado.
CRITICAL (14:04:57): Original:
CRITICAL (14:04:57): Candidato creado.
CRITICAL (14:04:58): Subsistema creado.
CRITICAL (14:05:00): empieza.
  k5(QXGX)
  #  2/50  ABCDEFGHIJKLMN / ABCDEFGHIJKLMNCRITICAL (14:10:00): Original creado.
CRITICAL (14:10:00): Original:
CRITICAL (14:10:01): Candidato creado.
CRITICAL (14:10:11): Subsistema creado.
CRITICAL (14:10:12): empieza.
  Geo2=XCRITICAL (14:15:04): Original creado.
CRITICAL (14:15:04): Original:
CRITICAL (14:15:05): Candidato creado.
CRITICAL (14:15:17): Subsistema creado.
CRITICAL (14:15:17): empieza.
CRITICAL (14:20:07): Original creado.
CRITICAL (14:20:07): Original:
CRITICAL (14:20:08): Candidato creado.
CRITICAL (14:20:16): Subsistema creado.
CRITICAL (14:20:17): empieza.
  k3(QXGX)CRITICAL (14:25:13): Original creado.
CRITICAL (14:25:14): Original:
CRITICAL (14:25:14): Candidato creado.
CRITICAL (14:25:28): Subsistema creado.
CRITICAL (14:25:28): empieza.
CRITICAL (14:30:16): Original creado.
CRITICAL (14:30:17): Original:
CRITICAL (14:30:18): Candidato creado.
CRITICAL (14:30:35): Subsistema creado.
CRITICAL (14:30:35): empieza.
  k4(QXGX)CRITICAL (14:35:19): Original creado.
CRITICAL (14:35:20): Original:
CRITICAL (14:35:20): Candidato creado.
CRITICAL (14:35:37): Subsistema creado.
CRITICAL (14:35:37): empieza.
CRITICAL (14:40:22): Original creado.
CRITICAL (14:40:23): Original:
CRITICAL (14:40:23): Candidato creado.
CRITICAL (14:40:44): Subsistema creado.
CRITICAL (14:40:45): empieza.
  k5(QXGX)
  #  3/50  ABCDEFGHIJKLMN / BCDEFGHIJKLMNOCRITICAL (14:45:26): Original creado.
CRITICAL (14:45:26): Original:
CRITICAL (14:45:27): Candidato creado.
CRITICAL (14:45:42): Subsistema creado.
CRITICAL (14:45:42): empieza.
  Geo2=XCRITICAL (14:54:43): Original creado.
CRITICAL (14:54:45): Original:
CRITICAL (14:54:46): Candidato creado.
CRITICAL (14:55:10): Subsistema creado.
CRITICAL (14:55:11): empieza.
CRITICAL (14:55:41): Original creado.
CRITICAL (14:55:43): Original:
CRITICAL (14:55:46): Candidato creado.
CRITICAL (14:56:14): Subsistema creado.
CRITICAL (14:56:15): empieza.
  k3(QXGX)CRITICAL (15:00:44): Original creado.
CRITICAL (15:00:45): Original:
CRITICAL (15:00:45): Candidato creado.
CRITICAL (15:01:12): Subsistema creado.
CRITICAL (15:01:13): empieza.
CRITICAL (15:05:44): Original creado.
CRITICAL (15:05:45): Original:
CRITICAL (15:05:46): Candidato creado.
CRITICAL (15:06:07): Subsistema creado.
CRITICAL (15:06:09): empieza.
  k4(QXGX)CRITICAL (15:10:55): Original creado.
CRITICAL (15:10:56): Original:
CRITICAL (15:10:59): Candidato creado.
CRITICAL (15:11:17): Subsistema creado.
CRITICAL (15:11:19): empieza.
CRITICAL (15:15:57): Original creado.
CRITICAL (15:15:57): Original:
CRITICAL (15:15:58): Candidato creado.
CRITICAL (15:16:29): Subsistema creado.
CRITICAL (15:16:31): empieza.
  k5(QXGX)
  #  4/50  ABCDEFGHIJKLMN / BCDEFGHIJKLMNOCRITICAL (15:21:04): Original creado.
CRITICAL (15:21:05): Original:
CRITICAL (15:21:06): Candidato creado.
CRITICAL (15:21:32): Subsistema creado.
CRITICAL (15:21:33): empieza.
  Geo2=XCRITICAL (15:26:16): Original creado.
CRITICAL (15:26:18): Original:
CRITICAL (15:26:22): Candidato creado.
CRITICAL (15:26:55): Subsistema creado.
CRITICAL (15:26:57): empieza.
CRITICAL (15:31:23): Original creado.
CRITICAL (15:31:24): Original:
CRITICAL (15:31:26): Candidato creado.
CRITICAL (15:31:57): Subsistema creado.
CRITICAL (15:31:58): empieza.
  k3(QXGX)CRITICAL (15:36:31): Original creado.
CRITICAL (15:36:32): Original:
CRITICAL (15:36:34): Candidato creado.
CRITICAL (15:37:07): Subsistema creado.
CRITICAL (15:37:08): empieza.
CRITICAL (15:45:34): Original creado.
CRITICAL (15:45:35): Original:
CRITICAL (15:45:36): Candidato creado.
CRITICAL (15:46:04): Subsistema creado.
CRITICAL (15:46:06): empieza.
  k4(QXGX)CRITICAL (15:50:38): Original creado.
CRITICAL (15:50:38): Original:
CRITICAL (15:50:40): Candidato creado.
CRITICAL (15:51:02): Subsistema creado.
CRITICAL (15:51:04): empieza.
CRITICAL (15:55:40): Original creado.
CRITICAL (15:55:40): Original:
CRITICAL (15:55:41): Candidato creado.
CRITICAL (15:56:14): Subsistema creado.
CRITICAL (15:56:15): empieza.
  k5(QXGX)
  #  5/50  ABCDEFGHIJKLMN / ABDEGHJKMNPQSTCRITICAL (16:00:39): Original creado.
CRITICAL (16:00:41): Original:
CRITICAL (16:00:41): Candidato creado.
CRITICAL (16:01:07): Subsistema creado.
CRITICAL (16:01:08): empieza.
  Geo2=XCRITICAL (16:05:54): Original creado.
CRITICAL (16:05:55): Original:
CRITICAL (16:05:55): Candidato creado.
CRITICAL (16:06:30): Subsistema creado.
CRITICAL (16:06:31): empieza.
