Benchmark K-QGMIP - 2026-05-17 17:29
  n=[10]  timeout_max=300s
  samples: C:\Users\Manu\Documents\Semestre 2026 - 01\Analisis y diseño de algoritmos\projecto-analisis-20261\GeoMIP\data\samples

=================================================================
n=10  TPM=N10A.csv  casos=49  timeout=120s/estrategia
=================================================================
  #  1/49  ABCDEFGHIJ     / ABCDEFGHIJCRITICAL (17:29:51): Original creado.
CRITICAL (17:29:51): Original:
CRITICAL (17:29:51): Candidato creado.
CRITICAL (17:29:51): Subsistema creado.
  QN2=.CRITICAL (17:29:59): Original creado.
CRITICAL (17:29:59): Original:
CRITICAL (17:29:59): Candidato creado.
CRITICAL (17:29:59): Subsistema creado.
CRITICAL (17:29:59): empieza.
  Geo2=.CRITICAL (17:29:59): Original creado.
CRITICAL (17:29:59): Original:
CRITICAL (17:29:59): Candidato creado.
CRITICAL (17:29:59): Subsistema creado.
CRITICAL (17:29:59): empieza.
CRITICAL (17:30:00): Original creado.
CRITICAL (17:30:00): Original:
CRITICAL (17:30:00): Candidato creado.
CRITICAL (17:30:00): Subsistema creado.
CRITICAL (17:30:00): empieza.
  k3(QN./KL.)CRITICAL (17:30:02): Original creado.
CRITICAL (17:30:02): Original:
CRITICAL (17:30:02): Candidato creado.
CRITICAL (17:30:02): Subsistema creado.
CRITICAL (17:30:02): empieza.
CRITICAL (17:30:02): Original creado.
CRITICAL (17:30:02): Original:
CRITICAL (17:30:02): Candidato creado.
CRITICAL (17:30:02): Subsistema creado.
CRITICAL (17:30:02): empieza.
  k4(QN./KL.)CRITICAL (17:30:05): Original creado.
CRITICAL (17:30:05): Original:
CRITICAL (17:30:05): Candidato creado.
CRITICAL (17:30:05): Subsistema creado.
CRITICAL (17:30:05): empieza.
CRITICAL (17:30:06): Original creado.
CRITICAL (17:30:06): Original:
CRITICAL (17:30:06): Candidato creado.
CRITICAL (17:30:06): Subsistema creado.
CRITICAL (17:30:06): empieza.
  k5(QN./KL.)
  #  2/49  ABCDEFGHIJ     / ABCDEFGHICRITICAL (17:30:10): Original creado.
CRITICAL (17:30:10): Original:
CRITICAL (17:30:10): Candidato creado.
CRITICAL (17:30:10): Subsistema creado.
  QN2=.CRITICAL (17:30:16): Original creado.
CRITICAL (17:30:16): Original:
CRITICAL (17:30:16): Candidato creado.
CRITICAL (17:30:16): Subsistema creado.
CRITICAL (17:30:16): empieza.
  Geo2=.CRITICAL (17:30:16): Original creado.
CRITICAL (17:30:16): Original:
CRITICAL (17:30:16): Candidato creado.
CRITICAL (17:30:16): Subsistema creado.
CRITICAL (17:30:16): empieza.
CRITICAL (17:30:17): Original creado.
CRITICAL (17:30:17): Original:
CRITICAL (17:30:17): Candidato creado.
CRITICAL (17:30:17): Subsistema creado.
CRITICAL (17:30:17): empieza.
  k3(QN./KL.)CRITICAL (17:30:17): Original creado.
CRITICAL (17:30:17): Original:
CRITICAL (17:30:17): Candidato creado.
CRITICAL (17:30:17): Subsistema creado.
CRITICAL (17:30:17): empieza.
CRITICAL (17:30:17): Original creado.
CRITICAL (17:30:17): Original:
CRITICAL (17:30:17): Candidato creado.
CRITICAL (17:30:17): Subsistema creado.
CRITICAL (17:30:17): empieza.
  k4(QN./KL.)CRITICAL (17:30:20): Original creado.
CRITICAL (17:30:20): Original:
CRITICAL (17:30:20): Candidato creado.
CRITICAL (17:30:20): Subsistema creado.
CRITICAL (17:30:20): empieza.
CRITICAL (17:30:20): Original creado.
CRITICAL (17:30:20): Original:
CRITICAL (17:30:20): Candidato creado.
CRITICAL (17:30:20): Subsistema creado.
CRITICAL (17:30:20): empieza.
  k5(QN./KL.)
  #  3/49  ABCDEFGHIJ     / BCDEFGHIJCRITICAL (17:30:24): Original creado.
CRITICAL (17:30:24): Original:
CRITICAL (17:30:24): Candidato creado.
CRITICAL (17:30:24): Subsistema creado.
  QN2=.CRITICAL (17:30:30): Original creado.
CRITICAL (17:30:30): Original:
CRITICAL (17:30:30): Candidato creado.
CRITICAL (17:30:30): Subsistema creado.
CRITICAL (17:30:30): empieza.
  Geo2=.CRITICAL (17:30:30): Original creado.
CRITICAL (17:30:30): Original:
CRITICAL (17:30:30): Candidato creado.
CRITICAL (17:30:30): Subsistema creado.
CRITICAL (17:30:30): empieza.
CRITICAL (17:30:30): Original creado.
CRITICAL (17:30:30): Original:
CRITICAL (17:30:30): Candidato creado.
CRITICAL (17:30:30): Subsistema creado.
CRITICAL (17:30:30): empieza.
  k3(QN./KL.)CRITICAL (17:30:31): Original creado.
CRITICAL (17:30:31): Original:
CRITICAL (17:30:31): Candidato creado.
CRITICAL (17:30:31): Subsistema creado.
CRITICAL (17:30:31): empieza.
CRITICAL (17:30:31): Original creado.
CRITICAL (17:30:31): Original:
CRITICAL (17:30:31): Candidato creado.
CRITICAL (17:30:31): Subsistema creado.
CRITICAL (17:30:31): empieza.
  k4(QN./KL.)CRITICAL (17:30:33): Original creado.
CRITICAL (17:30:33): Original:
CRITICAL (17:30:33): Candidato creado.
CRITICAL (17:30:33): Subsistema creado.
CRITICAL (17:30:33): empieza.
CRITICAL (17:30:34): Original creado.
CRITICAL (17:30:34): Original:
CRITICAL (17:30:34): Candidato creado.
CRITICAL (17:30:34): Subsistema creado.
CRITICAL (17:30:34): empieza.
  k5(QN./KL.)
  #  4/49  ABCDEFGHIJ     / BCDEFGHICRITICAL (17:30:36): Original creado.
CRITICAL (17:30:36): Original:
CRITICAL (17:30:36): Candidato creado.
CRITICAL (17:30:37): Subsistema creado.
  QN2=.CRITICAL (17:30:41): Original creado.
CRITICAL (17:30:41): Original:
CRITICAL (17:30:41): Candidato creado.
CRITICAL (17:30:41): Subsistema creado.
CRITICAL (17:30:41): empieza.
  Geo2=.CRITICAL (17:30:41): Original creado.
CRITICAL (17:30:41): Original:
CRITICAL (17:30:41): Candidato creado.
CRITICAL (17:30:41): Subsistema creado.
CRITICAL (17:30:41): empieza.
CRITICAL (17:30:41): Original creado.
CRITICAL (17:30:41): Original:
CRITICAL (17:30:41): Candidato creado.
CRITICAL (17:30:41): Subsistema creado.
CRITICAL (17:30:41): empieza.
  k3(QN./KL.)CRITICAL (17:30:42): Original creado.
CRITICAL (17:30:42): Original:
CRITICAL (17:30:42): Candidato creado.
CRITICAL (17:30:42): Subsistema creado.
CRITICAL (17:30:42): empieza.
CRITICAL (17:30:42): Original creado.
CRITICAL (17:30:42): Original:
CRITICAL (17:30:42): Candidato creado.
CRITICAL (17:30:42): Subsistema creado.
CRITICAL (17:30:42): empieza.
  k4(QN./KL.)CRITICAL (17:30:44): Original creado.
CRITICAL (17:30:44): Original:
CRITICAL (17:30:44): Candidato creado.
CRITICAL (17:30:44): Subsistema creado.
CRITICAL (17:30:44): empieza.
CRITICAL (17:30:44): Original creado.
CRITICAL (17:30:44): Original:
CRITICAL (17:30:44): Candidato creado.
CRITICAL (17:30:44): Subsistema creado.
CRITICAL (17:30:44): empieza.
  k5(QN./KL.)
  #  5/49  ABCDEFGHIJ     / ABDEGHJCRITICAL (17:30:48): Original creado.
CRITICAL (17:30:48): Original:
CRITICAL (17:30:48): Candidato creado.
CRITICAL (17:30:48): Subsistema creado.
  QN2=.CRITICAL (17:30:51): Original creado.
CRITICAL (17:30:51): Original:
CRITICAL (17:30:51): Candidato creado.
CRITICAL (17:30:51): Subsistema creado.
CRITICAL (17:30:51): empieza.
  Geo2=.CRITICAL (17:30:51): Original creado.
CRITICAL (17:30:51): Original:
CRITICAL (17:30:51): Candidato creado.
CRITICAL (17:30:51): Subsistema creado.
CRITICAL (17:30:51): empieza.
CRITICAL (17:30:52): Original creado.
CRITICAL (17:30:52): Original:
CRITICAL (17:30:52): Candidato creado.
CRITICAL (17:30:52): Subsistema creado.
CRITICAL (17:30:52): empieza.
  k3(QN./KL.)CRITICAL (17:30:52): Original creado.
CRITICAL (17:30:52): Original:
CRITICAL (17:30:52): Candidato creado.
CRITICAL (17:30:52): Subsistema creado.
CRITICAL (17:30:52): empieza.
CRITICAL (17:30:52): Original creado.
CRITICAL (17:30:52): Original:
CRITICAL (17:30:52): Candidato creado.
CRITICAL (17:30:52): Subsistema creado.
CRITICAL (17:30:52): empieza.
  k4(QN./KL.)CRITICAL (17:30:54): Original creado.
CRITICAL (17:30:54): Original:
CRITICAL (17:30:54): Candidato creado.
CRITICAL (17:30:54): Subsistema creado.
CRITICAL (17:30:54): empieza.
CRITICAL (17:30:54): Original creado.
CRITICAL (17:30:54): Original:
CRITICAL (17:30:54): Candidato creado.
CRITICAL (17:30:54): Subsistema creado.
CRITICAL (17:30:54): empieza.
  k5(QN./KL.)
  #  6/49  ABCDEFGHIJ     / ACEGICRITICAL (17:30:58): Original creado.
CRITICAL (17:30:58): Original:
CRITICAL (17:30:58): Candidato creado.
CRITICAL (17:30:58): Subsistema creado.
  QN2=.CRITICAL (17:31:00): Original creado.
CRITICAL (17:31:00): Original:
CRITICAL (17:31:00): Candidato creado.
CRITICAL (17:31:00): Subsistema creado.
CRITICAL (17:31:00): empieza.
  Geo2=.CRITICAL (17:31:00): Original creado.
CRITICAL (17:31:00): Original:
CRITICAL (17:31:00): Candidato creado.
CRITICAL (17:31:00): Subsistema creado.
CRITICAL (17:31:01): empieza.
CRITICAL (17:31:01): Original creado.
CRITICAL (17:31:01): Original:
CRITICAL (17:31:01): Candidato creado.
CRITICAL (17:31:01): Subsistema creado.
CRITICAL (17:31:01): empieza.
  k3(QN./KL.)CRITICAL (17:31:01): Original creado.
CRITICAL (17:31:01): Original:
CRITICAL (17:31:01): Candidato creado.
CRITICAL (17:31:01): Subsistema creado.
CRITICAL (17:31:01): empieza.
CRITICAL (17:31:02): Original creado.
CRITICAL (17:31:02): Original:
CRITICAL (17:31:02): Candidato creado.
CRITICAL (17:31:02): Subsistema creado.
CRITICAL (17:31:02): empieza.
  k4(QN./KL.)CRITICAL (17:31:03): Original creado.
CRITICAL (17:31:03): Original:
CRITICAL (17:31:03): Candidato creado.
CRITICAL (17:31:03): Subsistema creado.
CRITICAL (17:31:03): empieza.
CRITICAL (17:31:03): Original creado.
CRITICAL (17:31:03): Original:
CRITICAL (17:31:03): Candidato creado.
CRITICAL (17:31:03): Subsistema creado.
CRITICAL (17:31:03): empieza.
  k5(QN./KL.)
  #  7/49  ABCDEFGHIJ     / BDFHJCRITICAL (17:31:04): Original creado.
CRITICAL (17:31:04): Original:
CRITICAL (17:31:04): Candidato creado.
CRITICAL (17:31:04): Subsistema creado.
  QN2=.CRITICAL (17:31:07): Original creado.
CRITICAL (17:31:07): Original:
CRITICAL (17:31:07): Candidato creado.
CRITICAL (17:31:07): Subsistema creado.
CRITICAL (17:31:07): empieza.
  Geo2=.CRITICAL (17:31:07): Original creado.
CRITICAL (17:31:07): Original:
CRITICAL (17:31:07): Candidato creado.
CRITICAL (17:31:07): Subsistema creado.
CRITICAL (17:31:07): empieza.
CRITICAL (17:31:07): Original creado.
CRITICAL (17:31:07): Original:
CRITICAL (17:31:07): Candidato creado.
CRITICAL (17:31:07): Subsistema creado.
CRITICAL (17:31:07): empieza.
  k3(QN./KL.)CRITICAL (17:31:08): Original creado.
CRITICAL (17:31:08): Original:
CRITICAL (17:31:08): Candidato creado.
CRITICAL (17:31:08): Subsistema creado.
CRITICAL (17:31:08): empieza.
CRITICAL (17:31:08): Original creado.
CRITICAL (17:31:08): Original:
CRITICAL (17:31:08): Candidato creado.
CRITICAL (17:31:08): Subsistema creado.
CRITICAL (17:31:08): empieza.
  k4(QN./KL.)CRITICAL (17:31:09): Original creado.
CRITICAL (17:31:09): Original:
CRITICAL (17:31:09): Candidato creado.
CRITICAL (17:31:09): Subsistema creado.
CRITICAL (17:31:09): empieza.
CRITICAL (17:31:10): Original creado.
CRITICAL (17:31:10): Original:
CRITICAL (17:31:10): Candidato creado.
CRITICAL (17:31:10): Subsistema creado.
CRITICAL (17:31:10): empieza.
  k5(QN./KL.)
  #  8/49  ABCDEFGHI      / ABCDEFGHIJCRITICAL (17:31:11): Original creado.
CRITICAL (17:31:11): Original:
CRITICAL (17:31:11): Candidato creado.
CRITICAL (17:31:12): Subsistema creado.
  QN2=.CRITICAL (17:31:18): Original creado.
CRITICAL (17:31:18): Original:
CRITICAL (17:31:18): Candidato creado.
CRITICAL (17:31:18): Subsistema creado.
CRITICAL (17:31:18): empieza.
  Geo2=.CRITICAL (17:31:19): Original creado.
CRITICAL (17:31:19): Original:
CRITICAL (17:31:19): Candidato creado.
CRITICAL (17:31:19): Subsistema creado.
CRITICAL (17:31:19): empieza.
CRITICAL (17:31:19): Original creado.
CRITICAL (17:31:19): Original:
CRITICAL (17:31:19): Candidato creado.
CRITICAL (17:31:19): Subsistema creado.
CRITICAL (17:31:19): empieza.
  k3(QN./KL.)CRITICAL (17:31:21): Original creado.
CRITICAL (17:31:21): Original:
CRITICAL (17:31:21): Candidato creado.
CRITICAL (17:31:22): Subsistema creado.
CRITICAL (17:31:22): empieza.
CRITICAL (17:31:22): Original creado.
CRITICAL (17:31:22): Original:
CRITICAL (17:31:22): Candidato creado.
CRITICAL (17:31:22): Subsistema creado.
CRITICAL (17:31:22): empieza.
  k4(QN./KL.)CRITICAL (17:31:24): Original creado.
CRITICAL (17:31:25): Original:
CRITICAL (17:31:25): Candidato creado.
CRITICAL (17:31:25): Subsistema creado.
CRITICAL (17:31:25): empieza.
CRITICAL (17:31:25): Original creado.
CRITICAL (17:31:25): Original:
CRITICAL (17:31:25): Candidato creado.
CRITICAL (17:31:25): Subsistema creado.
CRITICAL (17:31:25): empieza.
  k5(QN./KL.)
  #  9/49  ABCDEFGHI      / ABCDEFGHICRITICAL (17:31:29): Original creado.
CRITICAL (17:31:29): Original:
CRITICAL (17:31:29): Candidato creado.
CRITICAL (17:31:29): Subsistema creado.
